// Jest Snapshot v1, https://goo.gl/fbAQLP

exports[`Renders ProductInfo Component Should render productInfo 1`] = `ReactWrapper {}`;
